[2026-10-01 15:08:16] -> 00989127770378
نگار تستی عزیز، اطلاعات شما در آسا فیزیو ثبت شد.
برای رزرو نوبت وارد جدول نوبت‌ها شوید.
------------------------------------------------------------
[2026-10-01 15:08:16] -> 00989127770378
نگار تستی عزیز، نوبت شما ثبت شد.
چهارشنبه ۱۰ مهر ۱۴۰۵ — ساعت ۱۷:۳۰ — کابین ۱
کد پیگیری: 4WN28M73
تهران، خیابان ولی‌عصر، نبش کوچه‌ی مهر، پلاک ۱۲، طبقه‌ی دوم
در صورت تغییر برنامه لطفاً تماس بگیرید: 021-88 12 34 56
------------------------------------------------------------
[2026-10-01 15:08:24] -> 00989121000000
مریم رضایی عزیز، سه‌شنبه ۹ مهر ۱۴۰۵ ساعت ۲۱:۰۰ منتظرتان هستیم.
در صورت حضور قطعی شما در مطب، عدد 1 را ارسال کنید.
غیرممکن است؟ عدد 2.
------------------------------------------------------------
[2026-10-01 15:21:57] -> 00989123456789
زهرا تونل عزیز، اطلاعات شما در آسا فیزیو ثبت شد.
برای رزرو نوبت وارد جدول نوبت‌ها شوید.
------------------------------------------------------------
[2026-10-01 15:21:57] -> 00989123456789
زهرا تونل عزیز، نوبت شما ثبت شد.
پنج‌شنبه ۱۱ مهر ۱۴۰۵ — ساعت ۱۸:۳۰ — کابین ۲
کد پیگیری: A2W9AFVY
تهران، خیابان ولی‌عصر، نبش کوچه‌ی مهر، پلاک ۱۲، طبقه‌ی دوم
در صورت تغییر برنامه لطفاً تماس بگیرید: 021-88 12 34 56
------------------------------------------------------------
